[0;37m[INFO]   [0m [FSMManager] Registered type: LW
[0;37m[INFO]   [0m Preloading ONNX model into memory: /home/lfr/sim2sim_test/sim2sim_work/20260912-172700-wheel-dwaq-drift/policy/LW/robot_lab/wheel_loco/policy.onnx
[0;37m[INFO]   [0m Successfully loaded ONNX model: /home/lfr/sim2sim_test/sim2sim_work/20260912-172700-wheel-dwaq-drift/policy/LW/robot_lab/wheel_loco/policy.onnx
[0;37m[INFO]   [0m Validated model and warmed it up in 0.148 ms.
[0;37m[INFO]   [0m Preload & Warmup finished for: LW/robot_lab/wheel_loco
[0;37m[INFO]   [0m [FSM] Set initial state: RLFSMStatePassive
[0;37m[INFO]   [0m [FSMManager] FSM created for type: LW

[0;37m[INFO]   [0m [FSM] Request switch from RLFSMStatePassive to RLFSMStateRLLocomotion_Wheel
A-seed44 250 5.000
A-seed44 500 10.000
A-seed44 750 15.000
A-seed44 1000 20.000
A-seed44 1250 25.000
A-seed44 1500 30.000
A-seed44 1750 35.000
A-seed44 2000 40.000
A-seed44 2250 45.000
A-seed44 2500 50.000
A-seed44 2750 55.000
A-seed44 3000 60.000
A-seed44 3250 65.000
A-seed44 3500 70.000
A-seed44 3750 75.000
A-seed44 4000 80.000
A-seed44 4250 85.000
A-seed44 4500 90.000
A-seed44 4750 95.000
A-seed44 5000 100.000
A-seed44 5250 105.000
A-seed44 5500 110.000
A-seed44 5750 115.000
A-seed44 6000 120.000
{"case_id":"A-seed44","condition":"A","control_records":6000,"final_sim_time":119.99999999990173,"low_level_ticks":24000,"physics_steps":60000,"requested_sim_duration":120.0,"reset_count":1,"seed":44,"seed_method":"srand(seed); independent std::mt19937 noise generator, explicit top-24-bit uniform float32; no other randomization","status":"completed","termination_reason":"time_limit"}
