A-seed42 completed [([0, 20], 2.4055609975968952, 0.1290385256430789), ([20, 40], 2.6726786134650418, 0.13368803405569893), ([40, 80], 5.486984609834837, 0.13712001775209595), ([80, 120], 5.541313220439245, 0.13872159881846238), ([40, 120], 10.992465088756754, 0.13784999040142448)]
A-seed43 completed [([0, 20], 2.4055609975968952, 0.1290385256430789), ([20, 40], 2.6726786134650418, 0.13368803405569893), ([40, 80], 5.486984609834837, 0.13712001775209595), ([80, 120], 5.541313220439245, 0.13872159881846238), ([40, 120], 10.992465088756754, 0.13784999040142448)]
A-seed44 completed [([0, 20], 2.4055609975968952, 0.1290385256430789), ([20, 40], 2.6726786134650418, 0.13368803405569893), ([40, 80], 5.486984609834837, 0.13712001775209595), ([80, 120], 5.541313220439245, 0.13872159881846238), ([40, 120], 10.992465088756754, 0.13784999040142448)]
B-seed42 completed [([0, 20], 1.4140186301105948, 0.07774738844098757), ([20, 40], 0.8143924351240666, 0.03854367993988499), ([40, 80], 3.257207368934721, 0.085591780330282), ([80, 120], 2.9149628728696935, 0.06553977450113233), ([40, 120], 5.947174064459829, 0.07756171384065261)]
B-seed43 completed [([0, 20], 1.4417022369822392, 0.07790766650394626), ([20, 40], 1.1941039411016363, 0.05947838390476436), ([40, 80], 2.24404528601157, 0.05551404503727778), ([80, 120], 2.841265476149156, 0.07103482861641616), ([40, 120], 4.960180878500077, 0.07029008872709348)]
B-seed44 completed [([0, 20], 0.5256863996100996, 0.04069142854429516), ([20, 40], 1.351786206199789, 0.0672013280402512), ([40, 80], 2.839500238152005, 0.07191969358750487), ([80, 120], 2.529338691989785, 0.06482292667256076), ([40, 120], 5.229539612189264, 0.07006927206190465)]
C-seed42 completed [([0, 20], 2.4055609975968952, 0.1290385256430789), ([20, 40], 2.6726786134650418, 0.13368803405569893), ([40, 60], 9.653913647826739, 0.50191409571632), ([60, 80], 2.336257023717985, 0.13138240387146458), ([80, 100], 2.7161055277000314, 0.13553632903433954), ([100, 120], 2.741401029743535, 0.1369959028837229)]
C-seed43 completed [([0, 20], 2.4055609975968952, 0.1290385256430789), ([20, 40], 2.6726786134650418, 0.13368803405569893), ([40, 60], 9.653913647826739, 0.50191409571632), ([60, 80], 2.336257023717985, 0.13138240387146458), ([80, 100], 2.7161055277000314, 0.13553632903433954), ([100, 120], 2.741401029743535, 0.1369959028837229)]
C-seed44 completed [([0, 20], 2.4055609975968952, 0.1290385256430789), ([20, 40], 2.6726786134650418, 0.13368803405569893), ([40, 60], 9.653913647826739, 0.50191409571632), ([60, 80], 2.336257023717985, 0.13138240387146458), ([80, 100], 2.7161055277000314, 0.13553632903433954), ([100, 120], 2.741401029743535, 0.1369959028837229)]
Traceback (most recent call last):
  File "/home/lfr/sim2sim_test/tools/wheel_drift/analyze.py", line 91, in <module>
    write(out/'statistics.json',statistics);write(out/'input_validation.json',validation)
  File "/home/lfr/sim2sim_test/tools/wheel_drift/analyze.py", line 9, in write
    def write(path,x):path.write_text(json.dumps(x,ensure_ascii=False,indent=2,allow_nan=False)+'\n')
  File "/usr/lib/python3.10/json/__init__.py", line 238, in dumps
    **kw).encode(obj)
  File "/usr/lib/python3.10/json/encoder.py", line 201, in encode
    chunks = list(chunks)
  File "/usr/lib/python3.10/json/encoder.py", line 431, in _iterencode
    yield from _iterencode_dict(o, _current_indent_level)
  File "/usr/lib/python3.10/json/encoder.py", line 405, in _iterencode_dict
    yield from chunks
  File "/usr/lib/python3.10/json/encoder.py", line 405, in _iterencode_dict
    yield from chunks
  File "/usr/lib/python3.10/json/encoder.py", line 325, in _iterencode_list
    yield from chunks
  File "/usr/lib/python3.10/json/encoder.py", line 405, in _iterencode_dict
    yield from chunks
  File "/usr/lib/python3.10/json/encoder.py", line 438, in _iterencode
    o = _default(o)
  File "/usr/lib/python3.10/json/encoder.py", line 179, in default
    raise TypeError(f'Object of type {o.__class__.__name__} '
TypeError: Object of type bool_ is not JSON serializable
